2026-07-30 15:27:29,460 - INFO - Program Started
2026-07-30 15:27:29,477 - INFO - PDF Opened Successfully
2026-07-30 15:27:29,477 - INFO - Metadata Extracted
2026-07-30 15:27:29,483 - INFO - Page 1 Extracted
2026-07-30 15:27:29,486 - INFO - Page 2 Extracted
2026-07-30 15:27:29,490 - INFO - Page 3 Extracted
2026-07-30 15:27:29,493 - INFO - Page 4 Extracted
2026-07-30 15:27:29,495 - INFO - Page 5 Extracted
2026-07-30 15:27:29,497 - INFO - Page 6 Extracted
2026-07-30 15:27:29,499 - INFO - Page 7 Extracted
2026-07-30 15:27:29,503 - INFO - Page 8 Extracted
2026-07-30 15:27:29,506 - INFO - Page 9 Extracted
2026-07-30 15:27:29,510 - INFO - Page 10 Extracted
2026-07-30 15:27:29,513 - INFO - Page 11 Extracted
2026-07-30 15:27:29,515 - INFO - Page 12 Extracted
2026-07-30 15:27:29,521 - INFO - Page 13 Extracted
2026-07-30 15:27:29,526 - INFO - Page 14 Extracted
2026-07-30 15:27:29,529 - INFO - Page 15 Extracted
2026-07-30 15:27:29,531 - INFO - Page 16 Extracted
2026-07-30 15:27:29,533 - INFO - Page 17 Extracted
2026-07-30 15:27:29,535 - INFO - Page 18 Extracted
2026-07-30 15:27:29,538 - INFO - Page 19 Extracted
2026-07-30 15:27:29,541 - INFO - Page 20 Extracted
2026-07-30 15:27:29,544 - INFO - Page 21 Extracted
2026-07-30 15:27:29,547 - INFO - Page 22 Extracted
2026-07-30 15:27:29,551 - INFO - Page 23 Extracted
2026-07-30 15:27:29,556 - INFO - Page 24 Extracted
2026-07-30 15:27:29,559 - INFO - Page 25 Extracted
2026-07-30 15:27:29,566 - INFO - Page 26 Extracted
2026-07-30 15:27:29,569 - INFO - Page 27 Extracted
2026-07-30 15:27:29,574 - INFO - Page 28 Extracted
2026-07-30 15:27:29,578 - INFO - Page 29 Extracted
2026-07-30 15:27:29,580 - INFO - Page 30 Extracted
2026-07-30 15:27:29,583 - INFO - Page 31 Extracted
2026-07-30 15:27:29,588 - INFO - Page 32 Extracted
2026-07-30 15:27:29,596 - INFO - Page 33 Extracted
2026-07-30 15:27:29,598 - INFO - Page 34 Extracted
2026-07-30 15:27:29,602 - INFO - Page 35 Extracted
2026-07-30 15:27:29,605 - INFO - Page 36 Extracted
2026-07-30 15:27:29,607 - INFO - Page 37 Extracted
2026-07-30 15:27:29,610 - INFO - Page 38 Extracted
2026-07-30 15:27:29,611 - INFO - Page 39 Extracted
2026-07-30 15:27:29,613 - INFO - Page 40 Extracted
2026-07-30 15:27:29,615 - INFO - Page 41 Extracted
2026-07-30 15:27:29,617 - INFO - Page 42 Extracted
2026-07-30 15:27:29,619 - INFO - Page 43 Extracted
2026-07-30 15:27:29,621 - INFO - Page 44 Extracted
2026-07-30 15:27:29,623 - INFO - Page 45 Extracted
2026-07-30 15:27:29,625 - INFO - Page 46 Extracted
2026-07-30 15:27:29,626 - INFO - Page 47 Extracted
2026-07-30 15:27:29,628 - INFO - Page 48 Extracted
2026-07-30 15:27:29,629 - INFO - Page 49 Extracted
2026-07-30 15:27:29,631 - INFO - Page 50 Extracted
2026-07-30 15:27:29,632 - INFO - Page 51 Extracted
2026-07-30 15:27:29,633 - INFO - Page 52 Extracted
2026-07-30 15:27:29,636 - INFO - Page 53 Extracted
2026-07-30 15:27:29,638 - INFO - Page 54 Extracted
2026-07-30 15:27:29,639 - INFO - Page 55 Extracted
2026-07-30 15:27:29,643 - INFO - Page 56 Extracted
2026-07-30 15:27:29,645 - INFO - Page 57 Extracted
2026-07-30 15:27:29,647 - INFO - Page 58 Extracted
2026-07-30 15:27:29,649 - INFO - Page 59 Extracted
2026-07-30 15:27:29,651 - INFO - Page 60 Extracted
2026-07-30 15:27:29,653 - INFO - Page 61 Extracted
2026-07-30 15:27:29,654 - INFO - Page 62 Extracted
2026-07-30 15:27:29,657 - INFO - Page 63 Extracted
2026-07-30 15:27:29,658 - INFO - Page 64 Extracted
2026-07-30 15:27:29,660 - INFO - Page 65 Extracted
2026-07-30 15:27:29,662 - INFO - Page 66 Extracted
2026-07-30 15:27:29,664 - INFO - Page 67 Extracted
2026-07-30 15:27:29,665 - INFO - Page 68 Extracted
2026-07-30 15:27:29,666 - INFO - Page 69 Extracted
2026-07-30 15:27:29,668 - INFO - Page 70 Extracted
2026-07-30 15:27:29,673 - INFO - Page 71 Extracted
2026-07-30 15:27:29,676 - INFO - Page 72 Extracted
2026-07-30 15:27:29,678 - INFO - Page 73 Extracted
2026-07-30 15:27:29,680 - INFO - Page 74 Extracted
2026-07-30 15:27:29,683 - INFO - Page 75 Extracted
2026-07-30 15:27:29,686 - INFO - Page 76 Extracted
2026-07-30 15:27:29,692 - INFO - Page 77 Extracted
2026-07-30 15:27:29,694 - INFO - Page 78 Extracted
2026-07-30 15:27:29,696 - INFO - Page 79 Extracted
2026-07-30 15:27:29,700 - INFO - Page 80 Extracted
2026-07-30 15:27:29,702 - INFO - Page 81 Extracted
2026-07-30 15:27:29,704 - INFO - Page 82 Extracted
2026-07-30 15:27:29,707 - INFO - Page 83 Extracted
2026-07-30 15:27:29,710 - INFO - Page 84 Extracted
2026-07-30 15:27:29,711 - INFO - Page 85 Extracted
2026-07-30 15:27:29,714 - INFO - Page 86 Extracted
2026-07-30 15:27:29,717 - INFO - Page 87 Extracted
2026-07-30 15:27:29,720 - INFO - Page 88 Extracted
2026-07-30 15:27:29,722 - INFO - Page 89 Extracted
2026-07-30 15:27:29,724 - INFO - Page 90 Extracted
2026-07-30 15:27:29,725 - INFO - Page 91 Extracted
2026-07-30 15:27:29,728 - INFO - Page 92 Extracted
2026-07-30 15:27:29,729 - INFO - Page 93 Extracted
2026-07-30 15:27:29,731 - INFO - Page 94 Extracted
2026-07-30 15:27:29,732 - INFO - Page 95 Extracted
2026-07-30 15:27:29,734 - INFO - Page 96 Extracted
2026-07-30 15:27:29,736 - INFO - Page 97 Extracted
2026-07-30 15:27:29,738 - INFO - Page 98 Extracted
2026-07-30 15:27:29,739 - INFO - Page 99 Extracted
2026-07-30 15:27:29,740 - INFO - Page 100 Extracted
2026-07-30 15:27:29,741 - INFO - Page 101 Extracted
2026-07-30 15:27:29,742 - INFO - Page 102 Extracted
2026-07-30 15:27:29,743 - INFO - Page 103 Extracted
2026-07-30 15:27:29,745 - INFO - Page 104 Extracted
2026-07-30 15:27:29,749 - INFO - Page 105 Extracted
2026-07-30 15:27:29,752 - INFO - Page 106 Extracted
2026-07-30 15:27:29,753 - INFO - Page 107 Extracted
2026-07-30 15:27:29,756 - INFO - Page 108 Extracted
2026-07-30 15:27:29,758 - INFO - Page 109 Extracted
2026-07-30 15:27:29,759 - INFO - Page 110 Extracted
2026-07-30 15:27:29,761 - INFO - Page 111 Extracted
2026-07-30 15:27:29,763 - INFO - Page 112 Extracted
2026-07-30 15:27:29,765 - INFO - Page 113 Extracted
2026-07-30 15:27:29,767 - INFO - Page 114 Extracted
2026-07-30 15:27:29,768 - INFO - Page 115 Extracted
2026-07-30 15:27:29,770 - INFO - Page 116 Extracted
2026-07-30 15:27:29,771 - INFO - Page 117 Extracted
2026-07-30 15:27:29,773 - INFO - Page 118 Extracted
2026-07-30 15:27:29,775 - INFO - Page 119 Extracted
2026-07-30 15:27:29,777 - INFO - Page 120 Extracted
2026-07-30 15:27:29,779 - INFO - Page 121 Extracted
2026-07-30 15:27:29,783 - INFO - Page 122 Extracted
2026-07-30 15:27:29,784 - INFO - Page 123 Extracted
2026-07-30 15:27:29,787 - INFO - Page 124 Extracted
2026-07-30 15:27:29,789 - INFO - Page 125 Extracted
2026-07-30 15:27:29,791 - INFO - Page 126 Extracted
2026-07-30 15:27:29,792 - INFO - Page 127 Extracted
2026-07-30 15:27:29,794 - INFO - Page 128 Extracted
2026-07-30 15:27:29,796 - INFO - Page 129 Extracted
2026-07-30 15:27:29,798 - INFO - Page 130 Extracted
2026-07-30 15:27:29,800 - INFO - Page 131 Extracted
2026-07-30 15:27:29,802 - INFO - Page 132 Extracted
2026-07-30 15:27:29,804 - INFO - Page 133 Extracted
2026-07-30 15:27:29,806 - INFO - Page 134 Extracted
2026-07-30 15:27:29,808 - INFO - Page 135 Extracted
2026-07-30 15:27:29,810 - INFO - Page 136 Extracted
2026-07-30 15:27:29,812 - INFO - Page 137 Extracted
2026-07-30 15:27:29,814 - INFO - Page 138 Extracted
2026-07-30 15:27:29,816 - INFO - Page 139 Extracted
2026-07-30 15:27:29,818 - INFO - Page 140 Extracted
2026-07-30 15:27:29,819 - INFO - Page 141 Extracted
2026-07-30 15:27:29,846 - INFO - Page 142 Extracted
2026-07-30 15:27:29,848 - INFO - Page 143 Extracted
2026-07-30 15:27:29,850 - INFO - Page 144 Extracted
2026-07-30 15:27:29,853 - INFO - Page 145 Extracted
2026-07-30 15:27:29,854 - INFO - Page 146 Extracted
2026-07-30 15:27:29,855 - INFO - Page 147 Extracted
2026-07-30 15:27:29,857 - INFO - Page 148 Extracted
2026-07-30 15:27:29,858 - INFO - Page 149 Extracted
2026-07-30 15:27:29,860 - INFO - Page 150 Extracted
2026-07-30 15:27:29,861 - INFO - Page 151 Extracted
2026-07-30 15:27:29,863 - INFO - Page 152 Extracted
2026-07-30 15:27:29,864 - INFO - Page 153 Extracted
2026-07-30 15:27:29,866 - INFO - Page 154 Extracted
2026-07-30 15:27:29,868 - INFO - Page 155 Extracted
2026-07-30 15:27:29,870 - INFO - Page 156 Extracted
2026-07-30 15:27:30,034 - INFO - Page 157 Extracted
2026-07-30 15:27:30,036 - INFO - Page 158 Extracted
2026-07-30 15:27:30,038 - INFO - Page 159 Extracted
2026-07-30 15:27:30,040 - INFO - Page 160 Extracted
2026-07-30 15:27:30,042 - INFO - Page 161 Extracted
2026-07-30 15:27:30,043 - INFO - Page 162 Extracted
2026-07-30 15:27:30,044 - INFO - Page 163 Extracted
2026-07-30 15:27:30,045 - INFO - Page 164 Extracted
2026-07-30 15:27:30,046 - INFO - Page 165 Extracted
2026-07-30 15:27:30,048 - INFO - Page 166 Extracted
2026-07-30 15:27:30,050 - INFO - Page 167 Extracted
2026-07-30 15:27:30,050 - INFO - Page 168 Extracted
2026-07-30 15:27:30,052 - INFO - Page 169 Extracted
2026-07-30 15:27:30,054 - INFO - Page 170 Extracted
2026-07-30 15:27:30,056 - INFO - Page 171 Extracted
2026-07-30 15:27:30,057 - INFO - Page 172 Extracted
2026-07-30 15:27:30,058 - INFO - Page 173 Extracted
2026-07-30 15:27:30,061 - INFO - Page 174 Extracted
2026-07-30 15:27:30,064 - INFO - Page 175 Extracted
2026-07-30 15:27:30,065 - INFO - Page 176 Extracted
2026-07-30 15:27:30,067 - INFO - Page 177 Extracted
2026-07-30 15:27:30,069 - INFO - Page 178 Extracted
2026-07-30 15:27:30,070 - INFO - Page 179 Extracted
2026-07-30 15:27:30,072 - INFO - Page 180 Extracted
2026-07-30 15:27:30,073 - INFO - Page 181 Extracted
2026-07-30 15:27:30,074 - INFO - Page 182 Extracted
2026-07-30 15:27:30,076 - INFO - Page 183 Extracted
2026-07-30 15:27:30,077 - INFO - Page 184 Extracted
2026-07-30 15:27:30,079 - INFO - Page 185 Extracted
2026-07-30 15:27:30,080 - INFO - Page 186 Extracted
2026-07-30 15:27:30,081 - INFO - Page 187 Extracted
2026-07-30 15:27:30,083 - INFO - Page 188 Extracted
2026-07-30 15:27:30,084 - INFO - Page 189 Extracted
2026-07-30 15:27:30,086 - INFO - Page 190 Extracted
2026-07-30 15:27:30,087 - INFO - Page 191 Extracted
2026-07-30 15:27:30,089 - INFO - Page 192 Extracted
2026-07-30 15:27:30,090 - INFO - Page 193 Extracted
2026-07-30 15:27:30,092 - INFO - Page 194 Extracted
2026-07-30 15:27:30,093 - INFO - Page 195 Extracted
2026-07-30 15:27:30,094 - INFO - Page 196 Extracted
2026-07-30 15:27:30,096 - INFO - Page 197 Extracted
2026-07-30 15:27:30,098 - INFO - Page 198 Extracted
2026-07-30 15:27:30,099 - INFO - Page 199 Extracted
2026-07-30 15:27:30,100 - INFO - Page 200 Extracted
2026-07-30 15:27:30,101 - INFO - Page 201 Extracted
2026-07-30 15:27:30,103 - INFO - Page 202 Extracted
2026-07-30 15:27:30,105 - INFO - Page 203 Extracted
2026-07-30 15:27:30,106 - INFO - Page 204 Extracted
2026-07-30 15:27:30,107 - INFO - Page 205 Extracted
2026-07-30 15:27:30,108 - INFO - Page 206 Extracted
2026-07-30 15:27:30,110 - INFO - Page 207 Extracted
2026-07-30 15:27:30,111 - INFO - Page 208 Extracted
2026-07-30 15:27:30,113 - INFO - Page 209 Extracted
2026-07-30 15:27:30,114 - INFO - Page 210 Extracted
2026-07-30 15:27:30,115 - INFO - Page 211 Extracted
2026-07-30 15:27:30,117 - INFO - Page 212 Extracted
2026-07-30 15:27:30,118 - INFO - Page 213 Extracted
2026-07-30 15:27:30,120 - INFO - Page 214 Extracted
2026-07-30 15:27:30,122 - INFO - Page 215 Extracted
2026-07-30 15:27:30,124 - INFO - Page 216 Extracted
2026-07-30 15:27:30,125 - INFO - Page 217 Extracted
2026-07-30 15:27:30,127 - INFO - Page 218 Extracted
2026-07-30 15:27:30,128 - INFO - Page 219 Extracted
2026-07-30 15:27:30,129 - INFO - Page 220 Extracted
2026-07-30 15:27:30,131 - INFO - Page 221 Extracted
2026-07-30 15:27:30,132 - INFO - Page 222 Extracted
2026-07-30 15:27:30,134 - INFO - Page 223 Extracted
2026-07-30 15:27:30,135 - INFO - Page 224 Extracted
2026-07-30 15:27:30,137 - INFO - Page 225 Extracted
2026-07-30 15:27:30,138 - INFO - Page 226 Extracted
2026-07-30 15:27:30,139 - INFO - Page 227 Extracted
2026-07-30 15:27:30,141 - INFO - Page 228 Extracted
2026-07-30 15:27:30,143 - INFO - Page 229 Extracted
2026-07-30 15:27:30,145 - INFO - Page 230 Extracted
2026-07-30 15:27:30,147 - INFO - Page 231 Extracted
2026-07-30 15:27:30,149 - INFO - Page 232 Extracted
2026-07-30 15:27:30,151 - INFO - Page 233 Extracted
2026-07-30 15:27:30,152 - INFO - Page 234 Extracted
2026-07-30 15:27:30,153 - INFO - Page 235 Extracted
2026-07-30 15:27:30,155 - INFO - Page 236 Extracted
2026-07-30 15:27:30,157 - INFO - Page 237 Extracted
2026-07-30 15:27:30,158 - INFO - Page 238 Extracted
2026-07-30 15:27:30,168 - INFO - Page 239 Extracted
2026-07-30 15:27:30,174 - INFO - Page 240 Extracted
2026-07-30 15:27:30,179 - INFO - Page 241 Extracted
2026-07-30 15:27:30,182 - INFO - Page 242 Extracted
2026-07-30 15:27:30,186 - INFO - Page 243 Extracted
2026-07-30 15:27:30,190 - INFO - Page 244 Extracted
2026-07-30 15:27:30,194 - INFO - Page 245 Extracted
2026-07-30 15:27:30,195 - INFO - Page 246 Extracted
2026-07-30 15:27:30,197 - INFO - Page 247 Extracted
2026-07-30 15:27:30,199 - INFO - Page 248 Extracted
2026-07-30 15:27:30,202 - INFO - Page 249 Extracted
2026-07-30 15:27:30,204 - INFO - Page 250 Extracted
2026-07-30 15:27:30,205 - INFO - Page 251 Extracted
2026-07-30 15:27:30,207 - INFO - Page 252 Extracted
2026-07-30 15:27:30,209 - INFO - Page 253 Extracted
2026-07-30 15:27:30,210 - INFO - Page 254 Extracted
2026-07-30 15:27:30,211 - INFO - Page 255 Extracted
2026-07-30 15:27:30,213 - INFO - Page 256 Extracted
2026-07-30 15:27:30,214 - INFO - Page 257 Extracted
2026-07-30 15:27:30,216 - INFO - Page 258 Extracted
2026-07-30 15:27:30,218 - INFO - Page 259 Extracted
2026-07-30 15:27:30,219 - INFO - Page 260 Extracted
2026-07-30 15:27:30,221 - INFO - Page 261 Extracted
2026-07-30 15:27:30,223 - INFO - Page 262 Extracted
2026-07-30 15:27:30,224 - INFO - Page 263 Extracted
2026-07-30 15:27:30,226 - INFO - Page 264 Extracted
2026-07-30 15:27:30,227 - INFO - Page 265 Extracted
2026-07-30 15:27:30,229 - INFO - Page 266 Extracted
2026-07-30 15:27:30,230 - INFO - Page 267 Extracted
2026-07-30 15:27:30,231 - INFO - Page 268 Extracted
2026-07-30 15:27:30,233 - INFO - Page 269 Extracted
2026-07-30 15:27:30,234 - INFO - Page 270 Extracted
2026-07-30 15:27:30,236 - INFO - Page 271 Extracted
2026-07-30 15:27:30,238 - INFO - Page 272 Extracted
2026-07-30 15:27:30,239 - INFO - Page 273 Extracted
2026-07-30 15:27:30,241 - INFO - Page 274 Extracted
2026-07-30 15:27:30,242 - INFO - Page 275 Extracted
2026-07-30 15:27:30,244 - INFO - Page 276 Extracted
2026-07-30 15:27:30,245 - INFO - Page 277 Extracted
2026-07-30 15:27:30,247 - INFO - Page 278 Extracted
2026-07-30 15:27:30,248 - INFO - Page 279 Extracted
2026-07-30 15:27:30,249 - INFO - Page 280 Extracted
2026-07-30 15:27:30,251 - INFO - Page 281 Extracted
2026-07-30 15:27:30,253 - INFO - Page 282 Extracted
2026-07-30 15:27:30,254 - INFO - Page 283 Extracted
2026-07-30 15:27:30,256 - INFO - Page 284 Extracted
2026-07-30 15:27:30,258 - INFO - Page 285 Extracted
2026-07-30 15:27:30,260 - INFO - Page 286 Extracted
2026-07-30 15:27:30,261 - INFO - Page 287 Extracted
2026-07-30 15:27:30,262 - INFO - Page 288 Extracted
2026-07-30 15:27:30,263 - INFO - Page 289 Extracted
2026-07-30 15:27:30,264 - INFO - Page 290 Extracted
2026-07-30 15:27:30,266 - INFO - Page 291 Extracted
2026-07-30 15:27:30,267 - INFO - Page 292 Extracted
2026-07-30 15:27:30,268 - INFO - Page 293 Extracted
2026-07-30 15:27:30,270 - INFO - Page 294 Extracted
2026-07-30 15:27:30,271 - INFO - Page 295 Extracted
2026-07-30 15:27:30,273 - INFO - Page 296 Extracted
2026-07-30 15:27:30,274 - INFO - Page 297 Extracted
2026-07-30 15:27:30,276 - INFO - Page 298 Extracted
2026-07-30 15:27:30,277 - INFO - Page 299 Extracted
2026-07-30 15:27:30,279 - INFO - Page 300 Extracted
2026-07-30 15:27:30,280 - INFO - Page 301 Extracted
2026-07-30 15:27:30,281 - INFO - Page 302 Extracted
2026-07-30 15:27:30,283 - INFO - Page 303 Extracted
2026-07-30 15:27:30,285 - INFO - Page 304 Extracted
2026-07-30 15:27:30,286 - INFO - Page 305 Extracted
2026-07-30 15:27:30,288 - INFO - Page 306 Extracted
2026-07-30 15:27:30,289 - INFO - Page 307 Extracted
2026-07-30 15:27:30,290 - INFO - Page 308 Extracted
2026-07-30 15:27:30,291 - INFO - Page 309 Extracted
2026-07-30 15:27:30,293 - INFO - Page 310 Extracted
2026-07-30 15:27:30,295 - INFO - Page 311 Extracted
2026-07-30 15:27:30,296 - INFO - Page 312 Extracted
2026-07-30 15:27:30,297 - INFO - Page 313 Extracted
2026-07-30 15:27:30,299 - INFO - Page 314 Extracted
2026-07-30 15:27:30,300 - INFO - Page 315 Extracted
2026-07-30 15:27:30,302 - INFO - Page 316 Extracted
2026-07-30 15:27:30,303 - INFO - Page 317 Extracted
2026-07-30 15:27:30,305 - INFO - Page 318 Extracted
2026-07-30 15:27:30,307 - INFO - Page 319 Extracted
2026-07-30 15:27:30,309 - INFO - Page 320 Extracted
2026-07-30 15:27:30,311 - INFO - Page 321 Extracted
2026-07-30 15:27:30,312 - INFO - Page 322 Extracted
2026-07-30 15:27:30,318 - INFO - Page 323 Extracted
2026-07-30 15:27:30,320 - INFO - Page 324 Extracted
2026-07-30 15:27:30,323 - INFO - Page 325 Extracted
2026-07-30 15:27:30,326 - INFO - Page 326 Extracted
2026-07-30 15:27:30,328 - INFO - Page 327 Extracted
2026-07-30 15:27:30,330 - INFO - Page 328 Extracted
2026-07-30 15:27:30,331 - INFO - Page 329 Extracted
2026-07-30 15:27:30,332 - INFO - Page 330 Extracted
2026-07-30 15:27:30,334 - INFO - Page 331 Extracted
2026-07-30 15:27:30,336 - INFO - Page 332 Extracted
2026-07-30 15:27:30,337 - INFO - Page 333 Extracted
2026-07-30 15:27:30,338 - INFO - Page 334 Extracted
2026-07-30 15:27:30,339 - INFO - Page 335 Extracted
2026-07-30 15:27:30,343 - INFO - Page 336 Extracted
2026-07-30 15:27:30,345 - INFO - Page 337 Extracted
2026-07-30 15:27:30,486 - INFO - Page 338 Extracted
2026-07-30 15:27:30,572 - INFO - Page 339 Extracted
2026-07-30 15:27:30,574 - INFO - Page 340 Extracted
2026-07-30 15:27:30,575 - INFO - Page 341 Extracted
2026-07-30 15:27:30,578 - INFO - Page 342 Extracted
2026-07-30 15:27:30,579 - INFO - Page 343 Extracted
2026-07-30 15:27:30,580 - INFO - Page 344 Extracted
2026-07-30 15:27:30,658 - INFO - Page 345 Extracted
2026-07-30 15:27:30,662 - INFO - Page 346 Extracted
2026-07-30 15:27:30,663 - INFO - Page 347 Extracted
2026-07-30 15:27:30,665 - INFO - Page 348 Extracted
2026-07-30 15:27:30,667 - INFO - Page 349 Extracted
2026-07-30 15:27:30,671 - INFO - Page 350 Extracted
2026-07-30 15:27:30,672 - INFO - Page 351 Extracted
2026-07-30 15:27:30,673 - INFO - Page 352 Extracted
2026-07-30 15:27:30,677 - INFO - Page 353 Extracted
2026-07-30 15:27:30,679 - INFO - Page 354 Extracted
2026-07-30 15:27:30,680 - INFO - Page 355 Extracted
2026-07-30 15:27:30,681 - INFO - Page 356 Extracted
2026-07-30 15:27:30,683 - INFO - Page 357 Extracted
2026-07-30 15:27:30,684 - INFO - Page 358 Extracted
2026-07-30 15:27:30,687 - INFO - Page 359 Extracted
2026-07-30 15:27:30,689 - INFO - Page 360 Extracted
2026-07-30 15:27:30,696 - INFO - JSON Saved Successfully
2026-07-30 15:27:30,714 - INFO - Program Finished Successfully
2026-07-30 15:27:30,885 - INFO - Program Started
2026-07-30 15:27:30,902 - INFO - PDF Opened Successfully
2026-07-30 15:27:30,902 - INFO - Metadata Extracted
2026-07-30 15:27:30,908 - INFO - Page 1 Extracted
2026-07-30 15:27:30,911 - INFO - Page 2 Extracted
2026-07-30 15:27:30,915 - INFO - Page 3 Extracted
2026-07-30 15:27:30,918 - INFO - Page 4 Extracted
2026-07-30 15:27:30,920 - INFO - Page 5 Extracted
2026-07-30 15:27:30,922 - INFO - Page 6 Extracted
2026-07-30 15:27:30,924 - INFO - Page 7 Extracted
2026-07-30 15:27:30,928 - INFO - Page 8 Extracted
2026-07-30 15:27:30,932 - INFO - Page 9 Extracted
2026-07-30 15:27:30,936 - INFO - Page 10 Extracted
2026-07-30 15:27:30,939 - INFO - Page 11 Extracted
2026-07-30 15:27:30,941 - INFO - Page 12 Extracted
2026-07-30 15:27:30,946 - INFO - Page 13 Extracted
2026-07-30 15:27:30,951 - INFO - Page 14 Extracted
2026-07-30 15:27:30,955 - INFO - Page 15 Extracted
2026-07-30 15:27:30,958 - INFO - Page 16 Extracted
2026-07-30 15:27:30,961 - INFO - Page 17 Extracted
2026-07-30 15:27:30,963 - INFO - Page 18 Extracted
2026-07-30 15:27:30,966 - INFO - Page 19 Extracted
2026-07-30 15:27:30,969 - INFO - Page 20 Extracted
2026-07-30 15:27:30,972 - INFO - Page 21 Extracted
2026-07-30 15:27:30,975 - INFO - Page 22 Extracted
2026-07-30 15:27:30,978 - INFO - Page 23 Extracted
2026-07-30 15:27:30,983 - INFO - Page 24 Extracted
2026-07-30 15:27:30,985 - INFO - Page 25 Extracted
2026-07-30 15:27:30,991 - INFO - Page 26 Extracted
2026-07-30 15:27:30,993 - INFO - Page 27 Extracted
2026-07-30 15:27:30,998 - INFO - Page 28 Extracted
2026-07-30 15:27:31,002 - INFO - Page 29 Extracted
2026-07-30 15:27:31,005 - INFO - Page 30 Extracted
2026-07-30 15:27:31,008 - INFO - Page 31 Extracted
2026-07-30 15:27:31,012 - INFO - Page 32 Extracted
2026-07-30 15:27:31,019 - INFO - Page 33 Extracted
2026-07-30 15:27:31,021 - INFO - Page 34 Extracted
2026-07-30 15:27:31,025 - INFO - Page 35 Extracted
2026-07-30 15:27:31,027 - INFO - Page 36 Extracted
2026-07-30 15:27:31,029 - INFO - Page 37 Extracted
2026-07-30 15:27:31,031 - INFO - Page 38 Extracted
2026-07-30 15:27:31,033 - INFO - Page 39 Extracted
2026-07-30 15:27:31,034 - INFO - Page 40 Extracted
2026-07-30 15:27:31,036 - INFO - Page 41 Extracted
2026-07-30 15:27:31,038 - INFO - Page 42 Extracted
2026-07-30 15:27:31,039 - INFO - Page 43 Extracted
2026-07-30 15:27:31,041 - INFO - Page 44 Extracted
2026-07-30 15:27:31,043 - INFO - Page 45 Extracted
2026-07-30 15:27:31,045 - INFO - Page 46 Extracted
2026-07-30 15:27:31,046 - INFO - Page 47 Extracted
2026-07-30 15:27:31,047 - INFO - Page 48 Extracted
2026-07-30 15:27:31,048 - INFO - Page 49 Extracted
2026-07-30 15:27:31,050 - INFO - Page 50 Extracted
2026-07-30 15:27:31,052 - INFO - Page 51 Extracted
2026-07-30 15:27:31,053 - INFO - Page 52 Extracted
2026-07-30 15:27:31,056 - INFO - Page 53 Extracted
2026-07-30 15:27:31,058 - INFO - Page 54 Extracted
2026-07-30 15:27:31,060 - INFO - Page 55 Extracted
2026-07-30 15:27:31,063 - INFO - Page 56 Extracted
2026-07-30 15:27:31,065 - INFO - Page 57 Extracted
2026-07-30 15:27:31,067 - INFO - Page 58 Extracted
2026-07-30 15:27:31,069 - INFO - Page 59 Extracted
2026-07-30 15:27:31,071 - INFO - Page 60 Extracted
2026-07-30 15:27:31,072 - INFO - Page 61 Extracted
2026-07-30 15:27:31,074 - INFO - Page 62 Extracted
2026-07-30 15:27:31,075 - INFO - Page 63 Extracted
2026-07-30 15:27:31,077 - INFO - Page 64 Extracted
2026-07-30 15:27:31,079 - INFO - Page 65 Extracted
2026-07-30 15:27:31,080 - INFO - Page 66 Extracted
2026-07-30 15:27:31,081 - INFO - Page 67 Extracted
2026-07-30 15:27:31,083 - INFO - Page 68 Extracted
2026-07-30 15:27:31,084 - INFO - Page 69 Extracted
2026-07-30 15:27:31,086 - INFO - Page 70 Extracted
2026-07-30 15:27:31,089 - INFO - Page 71 Extracted
2026-07-30 15:27:31,092 - INFO - Page 72 Extracted
2026-07-30 15:27:31,094 - INFO - Page 73 Extracted
2026-07-30 15:27:31,096 - INFO - Page 74 Extracted
2026-07-30 15:27:31,099 - INFO - Page 75 Extracted
2026-07-30 15:27:31,101 - INFO - Page 76 Extracted
2026-07-30 15:27:31,106 - INFO - Page 77 Extracted
2026-07-30 15:27:31,108 - INFO - Page 78 Extracted
2026-07-30 15:27:31,111 - INFO - Page 79 Extracted
2026-07-30 15:27:31,115 - INFO - Page 80 Extracted
2026-07-30 15:27:31,117 - INFO - Page 81 Extracted
2026-07-30 15:27:31,119 - INFO - Page 82 Extracted
2026-07-30 15:27:31,121 - INFO - Page 83 Extracted
2026-07-30 15:27:31,124 - INFO - Page 84 Extracted
2026-07-30 15:27:31,125 - INFO - Page 85 Extracted
2026-07-30 15:27:31,128 - INFO - Page 86 Extracted
2026-07-30 15:27:31,131 - INFO - Page 87 Extracted
2026-07-30 15:27:31,133 - INFO - Page 88 Extracted
2026-07-30 15:27:31,135 - INFO - Page 89 Extracted
2026-07-30 15:27:31,137 - INFO - Page 90 Extracted
2026-07-30 15:27:31,139 - INFO - Page 91 Extracted
2026-07-30 15:27:31,141 - INFO - Page 92 Extracted
2026-07-30 15:27:31,142 - INFO - Page 93 Extracted
2026-07-30 15:27:31,144 - INFO - Page 94 Extracted
2026-07-30 15:27:31,145 - INFO - Page 95 Extracted
2026-07-30 15:27:31,147 - INFO - Page 96 Extracted
2026-07-30 15:27:31,149 - INFO - Page 97 Extracted
2026-07-30 15:27:31,150 - INFO - Page 98 Extracted
2026-07-30 15:27:31,152 - INFO - Page 99 Extracted
2026-07-30 15:27:31,153 - INFO - Page 100 Extracted
2026-07-30 15:27:31,154 - INFO - Page 101 Extracted
2026-07-30 15:27:31,156 - INFO - Page 102 Extracted
2026-07-30 15:27:31,157 - INFO - Page 103 Extracted
2026-07-30 15:27:31,158 - INFO - Page 104 Extracted
2026-07-30 15:27:31,162 - INFO - Page 105 Extracted
2026-07-30 15:27:31,164 - INFO - Page 106 Extracted
2026-07-30 15:27:31,166 - INFO - Page 107 Extracted
2026-07-30 15:27:31,168 - INFO - Page 108 Extracted
2026-07-30 15:27:31,170 - INFO - Page 109 Extracted
2026-07-30 15:27:31,171 - INFO - Page 110 Extracted
2026-07-30 15:27:31,173 - INFO - Page 111 Extracted
2026-07-30 15:27:31,176 - INFO - Page 112 Extracted
2026-07-30 15:27:31,178 - INFO - Page 113 Extracted
2026-07-30 15:27:31,180 - INFO - Page 114 Extracted
2026-07-30 15:27:31,181 - INFO - Page 115 Extracted
2026-07-30 15:27:31,183 - INFO - Page 116 Extracted
2026-07-30 15:27:31,184 - INFO - Page 117 Extracted
2026-07-30 15:27:31,186 - INFO - Page 118 Extracted
2026-07-30 15:27:31,188 - INFO - Page 119 Extracted
2026-07-30 15:27:31,190 - INFO - Page 120 Extracted
2026-07-30 15:27:31,192 - INFO - Page 121 Extracted
2026-07-30 15:27:31,194 - INFO - Page 122 Extracted
2026-07-30 15:27:31,196 - INFO - Page 123 Extracted
2026-07-30 15:27:31,198 - INFO - Page 124 Extracted
2026-07-30 15:27:31,200 - INFO - Page 125 Extracted
2026-07-30 15:27:31,202 - INFO - Page 126 Extracted
2026-07-30 15:27:31,203 - INFO - Page 127 Extracted
2026-07-30 15:27:31,205 - INFO - Page 128 Extracted
2026-07-30 15:27:31,206 - INFO - Page 129 Extracted
2026-07-30 15:27:31,208 - INFO - Page 130 Extracted
2026-07-30 15:27:31,210 - INFO - Page 131 Extracted
2026-07-30 15:27:31,212 - INFO - Page 132 Extracted
2026-07-30 15:27:31,214 - INFO - Page 133 Extracted
2026-07-30 15:27:31,215 - INFO - Page 134 Extracted
2026-07-30 15:27:31,217 - INFO - Page 135 Extracted
2026-07-30 15:27:31,219 - INFO - Page 136 Extracted
2026-07-30 15:27:31,221 - INFO - Page 137 Extracted
2026-07-30 15:27:31,223 - INFO - Page 138 Extracted
2026-07-30 15:27:31,225 - INFO - Page 139 Extracted
2026-07-30 15:27:31,226 - INFO - Page 140 Extracted
2026-07-30 15:27:31,228 - INFO - Page 141 Extracted
2026-07-30 15:27:31,253 - INFO - Page 142 Extracted
2026-07-30 15:27:31,255 - INFO - Page 143 Extracted
2026-07-30 15:27:31,257 - INFO - Page 144 Extracted
2026-07-30 15:27:31,259 - INFO - Page 145 Extracted
2026-07-30 15:27:31,261 - INFO - Page 146 Extracted
2026-07-30 15:27:31,262 - INFO - Page 147 Extracted
2026-07-30 15:27:31,263 - INFO - Page 148 Extracted
2026-07-30 15:27:31,265 - INFO - Page 149 Extracted
2026-07-30 15:27:31,268 - INFO - Page 150 Extracted
2026-07-30 15:27:31,269 - INFO - Page 151 Extracted
2026-07-30 15:27:31,271 - INFO - Page 152 Extracted
2026-07-30 15:27:31,273 - INFO - Page 153 Extracted
2026-07-30 15:27:31,274 - INFO - Page 154 Extracted
2026-07-30 15:27:31,276 - INFO - Page 155 Extracted
2026-07-30 15:27:31,278 - INFO - Page 156 Extracted
2026-07-30 15:27:31,440 - INFO - Page 157 Extracted
2026-07-30 15:27:31,442 - INFO - Page 158 Extracted
2026-07-30 15:27:31,445 - INFO - Page 159 Extracted
2026-07-30 15:27:31,446 - INFO - Page 160 Extracted
2026-07-30 15:27:31,448 - INFO - Page 161 Extracted
2026-07-30 15:27:31,449 - INFO - Page 162 Extracted
2026-07-30 15:27:31,450 - INFO - Page 163 Extracted
2026-07-30 15:27:31,452 - INFO - Page 164 Extracted
2026-07-30 15:27:31,453 - INFO - Page 165 Extracted
2026-07-30 15:27:31,455 - INFO - Page 166 Extracted
2026-07-30 15:27:31,457 - INFO - Page 167 Extracted
2026-07-30 15:27:31,457 - INFO - Page 168 Extracted
2026-07-30 15:27:31,459 - INFO - Page 169 Extracted
2026-07-30 15:27:31,461 - INFO - Page 170 Extracted
2026-07-30 15:27:31,463 - INFO - Page 171 Extracted
2026-07-30 15:27:31,464 - INFO - Page 172 Extracted
2026-07-30 15:27:31,465 - INFO - Page 173 Extracted
2026-07-30 15:27:31,468 - INFO - Page 174 Extracted
2026-07-30 15:27:31,471 - INFO - Page 175 Extracted
2026-07-30 15:27:31,472 - INFO - Page 176 Extracted
2026-07-30 15:27:31,474 - INFO - Page 177 Extracted
2026-07-30 15:27:31,476 - INFO - Page 178 Extracted
2026-07-30 15:27:31,477 - INFO - Page 179 Extracted
2026-07-30 15:27:31,479 - INFO - Page 180 Extracted
2026-07-30 15:27:31,480 - INFO - Page 181 Extracted
2026-07-30 15:27:31,482 - INFO - Page 182 Extracted
2026-07-30 15:27:31,483 - INFO - Page 183 Extracted
2026-07-30 15:27:31,484 - INFO - Page 184 Extracted
2026-07-30 15:27:31,486 - INFO - Page 185 Extracted
2026-07-30 15:27:31,487 - INFO - Page 186 Extracted
2026-07-30 15:27:31,488 - INFO - Page 187 Extracted
2026-07-30 15:27:31,490 - INFO - Page 188 Extracted
2026-07-30 15:27:31,491 - INFO - Page 189 Extracted
2026-07-30 15:27:31,492 - INFO - Page 190 Extracted
2026-07-30 15:27:31,494 - INFO - Page 191 Extracted
2026-07-30 15:27:31,495 - INFO - Page 192 Extracted
2026-07-30 15:27:31,497 - INFO - Page 193 Extracted
2026-07-30 15:27:31,498 - INFO - Page 194 Extracted
2026-07-30 15:27:31,500 - INFO - Page 195 Extracted
2026-07-30 15:27:31,501 - INFO - Page 196 Extracted
2026-07-30 15:27:31,502 - INFO - Page 197 Extracted
2026-07-30 15:27:31,504 - INFO - Page 198 Extracted
2026-07-30 15:27:31,505 - INFO - Page 199 Extracted
2026-07-30 15:27:31,506 - INFO - Page 200 Extracted
2026-07-30 15:27:31,508 - INFO - Page 201 Extracted
2026-07-30 15:27:31,511 - INFO - Page 202 Extracted
2026-07-30 15:27:31,512 - INFO - Page 203 Extracted
2026-07-30 15:27:31,513 - INFO - Page 204 Extracted
2026-07-30 15:27:31,515 - INFO - Page 205 Extracted
2026-07-30 15:27:31,516 - INFO - Page 206 Extracted
2026-07-30 15:27:31,517 - INFO - Page 207 Extracted
2026-07-30 15:27:31,519 - INFO - Page 208 Extracted
2026-07-30 15:27:31,520 - INFO - Page 209 Extracted
2026-07-30 15:27:31,522 - INFO - Page 210 Extracted
2026-07-30 15:27:31,523 - INFO - Page 211 Extracted
2026-07-30 15:27:31,525 - INFO - Page 212 Extracted
2026-07-30 15:27:31,525 - INFO - Page 213 Extracted
2026-07-30 15:27:31,527 - INFO - Page 214 Extracted
2026-07-30 15:27:31,530 - INFO - Page 215 Extracted
2026-07-30 15:27:31,531 - INFO - Page 216 Extracted
2026-07-30 15:27:31,532 - INFO - Page 217 Extracted
2026-07-30 15:27:31,534 - INFO - Page 218 Extracted
2026-07-30 15:27:31,535 - INFO - Page 219 Extracted
2026-07-30 15:27:31,537 - INFO - Page 220 Extracted
2026-07-30 15:27:31,538 - INFO - Page 221 Extracted
2026-07-30 15:27:31,540 - INFO - Page 222 Extracted
2026-07-30 15:27:31,541 - INFO - Page 223 Extracted
2026-07-30 15:27:31,543 - INFO - Page 224 Extracted
2026-07-30 15:27:31,545 - INFO - Page 225 Extracted
2026-07-30 15:27:31,546 - INFO - Page 226 Extracted
2026-07-30 15:27:31,547 - INFO - Page 227 Extracted
2026-07-30 15:27:31,549 - INFO - Page 228 Extracted
2026-07-30 15:27:31,551 - INFO - Page 229 Extracted
2026-07-30 15:27:31,553 - INFO - Page 230 Extracted
2026-07-30 15:27:31,555 - INFO - Page 231 Extracted
2026-07-30 15:27:31,557 - INFO - Page 232 Extracted
2026-07-30 15:27:31,559 - INFO - Page 233 Extracted
2026-07-30 15:27:31,560 - INFO - Page 234 Extracted
2026-07-30 15:27:31,561 - INFO - Page 235 Extracted
2026-07-30 15:27:31,563 - INFO - Page 236 Extracted
2026-07-30 15:27:31,565 - INFO - Page 237 Extracted
2026-07-30 15:27:31,566 - INFO - Page 238 Extracted
2026-07-30 15:27:31,574 - INFO - Page 239 Extracted
2026-07-30 15:27:31,577 - INFO - Page 240 Extracted
2026-07-30 15:27:31,579 - INFO - Page 241 Extracted
2026-07-30 15:27:31,582 - INFO - Page 242 Extracted
2026-07-30 15:27:31,584 - INFO - Page 243 Extracted
2026-07-30 15:27:31,586 - INFO - Page 244 Extracted
2026-07-30 15:27:31,587 - INFO - Page 245 Extracted
2026-07-30 15:27:31,589 - INFO - Page 246 Extracted
2026-07-30 15:27:31,590 - INFO - Page 247 Extracted
2026-07-30 15:27:31,592 - INFO - Page 248 Extracted
2026-07-30 15:27:31,593 - INFO - Page 249 Extracted
2026-07-30 15:27:31,595 - INFO - Page 250 Extracted
2026-07-30 15:27:31,596 - INFO - Page 251 Extracted
2026-07-30 15:27:31,598 - INFO - Page 252 Extracted
2026-07-30 15:27:31,599 - INFO - Page 253 Extracted
2026-07-30 15:27:31,601 - INFO - Page 254 Extracted
2026-07-30 15:27:31,602 - INFO - Page 255 Extracted
2026-07-30 15:27:31,604 - INFO - Page 256 Extracted
2026-07-30 15:27:31,605 - INFO - Page 257 Extracted
2026-07-30 15:27:31,607 - INFO - Page 258 Extracted
2026-07-30 15:27:31,609 - INFO - Page 259 Extracted
2026-07-30 15:27:31,610 - INFO - Page 260 Extracted
2026-07-30 15:27:31,612 - INFO - Page 261 Extracted
2026-07-30 15:27:31,614 - INFO - Page 262 Extracted
2026-07-30 15:27:31,615 - INFO - Page 263 Extracted
2026-07-30 15:27:31,617 - INFO - Page 264 Extracted
2026-07-30 15:27:31,618 - INFO - Page 265 Extracted
2026-07-30 15:27:31,620 - INFO - Page 266 Extracted
2026-07-30 15:27:31,621 - INFO - Page 267 Extracted
2026-07-30 15:27:31,622 - INFO - Page 268 Extracted
2026-07-30 15:27:31,624 - INFO - Page 269 Extracted
2026-07-30 15:27:31,625 - INFO - Page 270 Extracted
2026-07-30 15:27:31,626 - INFO - Page 271 Extracted
2026-07-30 15:27:31,628 - INFO - Page 272 Extracted
2026-07-30 15:27:31,630 - INFO - Page 273 Extracted
2026-07-30 15:27:31,631 - INFO - Page 274 Extracted
2026-07-30 15:27:31,632 - INFO - Page 275 Extracted
2026-07-30 15:27:31,634 - INFO - Page 276 Extracted
2026-07-30 15:27:31,635 - INFO - Page 277 Extracted
2026-07-30 15:27:31,637 - INFO - Page 278 Extracted
2026-07-30 15:27:31,638 - INFO - Page 279 Extracted
2026-07-30 15:27:31,639 - INFO - Page 280 Extracted
2026-07-30 15:27:31,641 - INFO - Page 281 Extracted
2026-07-30 15:27:31,643 - INFO - Page 282 Extracted
2026-07-30 15:27:31,644 - INFO - Page 283 Extracted
2026-07-30 15:27:31,645 - INFO - Page 284 Extracted
2026-07-30 15:27:31,648 - INFO - Page 285 Extracted
2026-07-30 15:27:31,649 - INFO - Page 286 Extracted
2026-07-30 15:27:31,650 - INFO - Page 287 Extracted
2026-07-30 15:27:31,652 - INFO - Page 288 Extracted
2026-07-30 15:27:31,653 - INFO - Page 289 Extracted
2026-07-30 15:27:31,654 - INFO - Page 290 Extracted
2026-07-30 15:27:31,656 - INFO - Page 291 Extracted
2026-07-30 15:27:31,657 - INFO - Page 292 Extracted
2026-07-30 15:27:31,659 - INFO - Page 293 Extracted
2026-07-30 15:27:31,660 - INFO - Page 294 Extracted
2026-07-30 15:27:31,662 - INFO - Page 295 Extracted
2026-07-30 15:27:31,663 - INFO - Page 296 Extracted
2026-07-30 15:27:31,665 - INFO - Page 297 Extracted
2026-07-30 15:27:31,666 - INFO - Page 298 Extracted
2026-07-30 15:27:31,668 - INFO - Page 299 Extracted
2026-07-30 15:27:31,669 - INFO - Page 300 Extracted
2026-07-30 15:27:31,670 - INFO - Page 301 Extracted
2026-07-30 15:27:31,672 - INFO - Page 302 Extracted
2026-07-30 15:27:31,673 - INFO - Page 303 Extracted
2026-07-30 15:27:31,675 - INFO - Page 304 Extracted
2026-07-30 15:27:31,677 - INFO - Page 305 Extracted
2026-07-30 15:27:31,678 - INFO - Page 306 Extracted
2026-07-30 15:27:31,679 - INFO - Page 307 Extracted
2026-07-30 15:27:31,680 - INFO - Page 308 Extracted
2026-07-30 15:27:31,681 - INFO - Page 309 Extracted
2026-07-30 15:27:31,683 - INFO - Page 310 Extracted
2026-07-30 15:27:31,684 - INFO - Page 311 Extracted
2026-07-30 15:27:31,685 - INFO - Page 312 Extracted
2026-07-30 15:27:31,686 - INFO - Page 313 Extracted
2026-07-30 15:27:31,688 - INFO - Page 314 Extracted
2026-07-30 15:27:31,689 - INFO - Page 315 Extracted
2026-07-30 15:27:31,691 - INFO - Page 316 Extracted
2026-07-30 15:27:31,692 - INFO - Page 317 Extracted
2026-07-30 15:27:31,694 - INFO - Page 318 Extracted
2026-07-30 15:27:31,696 - INFO - Page 319 Extracted
2026-07-30 15:27:31,697 - INFO - Page 320 Extracted
2026-07-30 15:27:31,699 - INFO - Page 321 Extracted
2026-07-30 15:27:31,700 - INFO - Page 322 Extracted
2026-07-30 15:27:31,706 - INFO - Page 323 Extracted
2026-07-30 15:27:31,708 - INFO - Page 324 Extracted
2026-07-30 15:27:31,711 - INFO - Page 325 Extracted
2026-07-30 15:27:31,714 - INFO - Page 326 Extracted
2026-07-30 15:27:31,715 - INFO - Page 327 Extracted
2026-07-30 15:27:31,717 - INFO - Page 328 Extracted
2026-07-30 15:27:31,718 - INFO - Page 329 Extracted
2026-07-30 15:27:31,720 - INFO - Page 330 Extracted
2026-07-30 15:27:31,721 - INFO - Page 331 Extracted
2026-07-30 15:27:31,722 - INFO - Page 332 Extracted
2026-07-30 15:27:31,724 - INFO - Page 333 Extracted
2026-07-30 15:27:31,725 - INFO - Page 334 Extracted
2026-07-30 15:27:31,726 - INFO - Page 335 Extracted
2026-07-30 15:27:31,729 - INFO - Page 336 Extracted
2026-07-30 15:27:31,731 - INFO - Page 337 Extracted
2026-07-30 15:27:31,853 - INFO - Page 338 Extracted
2026-07-30 15:27:31,946 - INFO - Page 339 Extracted
2026-07-30 15:27:31,948 - INFO - Page 340 Extracted
2026-07-30 15:27:31,950 - INFO - Page 341 Extracted
2026-07-30 15:27:31,951 - INFO - Page 342 Extracted
2026-07-30 15:27:31,953 - INFO - Page 343 Extracted
2026-07-30 15:27:31,955 - INFO - Page 344 Extracted
2026-07-30 15:27:32,030 - INFO - Page 345 Extracted
2026-07-30 15:27:32,034 - INFO - Page 346 Extracted
2026-07-30 15:27:32,035 - INFO - Page 347 Extracted
2026-07-30 15:27:32,037 - INFO - Page 348 Extracted
2026-07-30 15:27:32,040 - INFO - Page 349 Extracted
2026-07-30 15:27:32,044 - INFO - Page 350 Extracted
2026-07-30 15:27:32,045 - INFO - Page 351 Extracted
2026-07-30 15:27:32,046 - INFO - Page 352 Extracted
2026-07-30 15:27:32,050 - INFO - Page 353 Extracted
2026-07-30 15:27:32,051 - INFO - Page 354 Extracted
2026-07-30 15:27:32,053 - INFO - Page 355 Extracted
2026-07-30 15:27:32,054 - INFO - Page 356 Extracted
2026-07-30 15:27:32,056 - INFO - Page 357 Extracted
2026-07-30 15:27:32,057 - INFO - Page 358 Extracted
2026-07-30 15:27:32,060 - INFO - Page 359 Extracted
2026-07-30 15:27:32,064 - INFO - Page 360 Extracted
2026-07-30 15:27:32,072 - INFO - JSON Saved Successfully
2026-07-30 15:27:32,089 - INFO - Program Finished Successfully
